M:\BR\URTKtry3\Logical\Global.typ
M:\BR\URTKtry3\Logical\Global.var
M:\BR\URTKtry3\Logical\Libraries\operator\operator.fun
M:\BR\URTKtry3\Logical\Libraries\operator\operator.typ
M:\BR\URTKtry3\Logical\Libraries\operator\operator.var
M:\BR\URTKtry3\Logical\Libraries\runtime\runtime.fun
M:\BR\URTKtry3\Logical\Libraries\runtime\runtime.typ
M:\BR\URTKtry3\Logical\Libraries\runtime\runtime.var
M:\BR\URTKtry3\Logical\Libraries\astime\astime.fun
M:\BR\URTKtry3\Logical\Libraries\astime\astime.typ
M:\BR\URTKtry3\Logical\Libraries\astime\astime.var
M:\BR\URTKtry3\Logical\Libraries\AsIecCon\AsIecCon.fun
M:\BR\URTKtry3\Logical\Libraries\AsIecCon\AsIecCon.typ
M:\BR\URTKtry3\Logical\Libraries\AsIecCon\AsIecCon.var
M:\BR\URTKtry3\Logical\Libraries\sys_lib\sys_lib.fun
M:\BR\URTKtry3\Logical\Libraries\sys_lib\sys_lib.typ
M:\BR\URTKtry3\Logical\Libraries\sys_lib\sys_lib.var
M:\BR\URTKtry3\Logical\URTKFmu\URTKLib\Types.typ
M:\BR\URTKtry3\Logical\URTKFmu\URTKLib\Constants.var
M:\BR\URTKtry3\Logical\URTKFmu\URTKLib\URTKLib.fun
