<?xml version="1.0" encoding="utf-8"?>
<?AutomationStudio Version="4.9.2.46"?>
<Objects>
  <Object
    Path="M:\BR\URTKtry3\Logical\Package.pkg"
    LogicalPath=""
    Type="Package.ParentUnknown"
    LastWriteTime="132547626274760446" />
  <Object
    Path="M:\BR\URTKtry3\Logical\Global.typ"
    LogicalPath="Global.typ"
    Type="File"
    LastWriteTime="132545872619800419"
    Private="false" />
  <Object
    Path="M:\BR\URTKtry3\Logical\Global.var"
    LogicalPath="Global.var"
    Type="File"
    LastWriteTime="132545872619905440"
    Private="false" />
  <Object
    Path="M:\BR\URTKtry3\Logical\Libraries\Package.pkg"
    LogicalPath="Libraries"
    Type="Package"
    LastWriteTime="132545873022587618" />
  <Object
    Path="M:\BR\URTKtry3\Logical\Libraries\operator\binary.lby"
    LogicalPath="Libraries.operator"
    Type="Library"
    LastWriteTime="132545872625356396" />
  <Object
    Path="M:\BR\URTKtry3\Logical\Libraries\operator\operator.fun"
    LogicalPath="Libraries.operator.operator.fun"
    Type="File"
    LastWriteTime="132545872625221371"
    Private="false" />
  <Object
    Path="M:\BR\URTKtry3\Logical\Libraries\operator\operator.typ"
    LogicalPath="Libraries.operator.operator.typ"
    Type="File"
    LastWriteTime="132545872625286384"
    Private="false" />
  <Object
    Path="M:\BR\URTKtry3\Logical\Libraries\operator\operator.var"
    LogicalPath="Libraries.operator.operator.var"
    Type="File"
    LastWriteTime="132545872625331387"
    Private="false" />
  <Object
    Path="M:\BR\URTKtry3\Logical\Libraries\runtime\binary.lby"
    LogicalPath="Libraries.runtime"
    Type="Library"
    LastWriteTime="132545872628126876" />
  <Object
    Path="M:\BR\URTKtry3\Logical\Libraries\runtime\runtime.fun"
    LogicalPath="Libraries.runtime.runtime.fun"
    Type="File"
    LastWriteTime="132545872627816822"
    Private="false" />
  <Object
    Path="M:\BR\URTKtry3\Logical\Libraries\runtime\runtime.typ"
    LogicalPath="Libraries.runtime.runtime.typ"
    Type="File"
    LastWriteTime="132545872627856834"
    Private="false" />
  <Object
    Path="M:\BR\URTKtry3\Logical\Libraries\runtime\runtime.var"
    LogicalPath="Libraries.runtime.runtime.var"
    Type="File"
    LastWriteTime="132545872627901844"
    Private="false" />
  <Object
    Path="M:\BR\URTKtry3\Logical\Libraries\astime\binary.lby"
    LogicalPath="Libraries.astime"
    Type="Library"
    LastWriteTime="132545872630682330" />
  <Object
    Path="M:\BR\URTKtry3\Logical\Libraries\astime\astime.fun"
    LogicalPath="Libraries.astime.astime.fun"
    Type="File"
    LastWriteTime="132545872630562313"
    Private="false" />
  <Object
    Path="M:\BR\URTKtry3\Logical\Libraries\astime\astime.typ"
    LogicalPath="Libraries.astime.astime.typ"
    Type="File"
    LastWriteTime="132545872630627315"
    Private="false" />
  <Object
    Path="M:\BR\URTKtry3\Logical\Libraries\astime\astime.var"
    LogicalPath="Libraries.astime.astime.var"
    Type="File"
    LastWriteTime="132545872630657321"
    Private="false" />
  <Object
    Path="M:\BR\URTKtry3\Logical\Libraries\AsIecCon\binary.lby"
    LogicalPath="Libraries.AsIecCon"
    Type="Library"
    LastWriteTime="132545872633327796" />
  <Object
    Path="M:\BR\URTKtry3\Logical\Libraries\AsIecCon\AsIecCon.fun"
    LogicalPath="Libraries.AsIecCon.AsIecCon.fun"
    Type="File"
    LastWriteTime="132545872633097757"
    Private="false" />
  <Object
    Path="M:\BR\URTKtry3\Logical\Libraries\AsIecCon\AsIecCon.typ"
    LogicalPath="Libraries.AsIecCon.AsIecCon.typ"
    Type="File"
    LastWriteTime="132545872633277785"
    Private="false" />
  <Object
    Path="M:\BR\URTKtry3\Logical\Libraries\AsIecCon\AsIecCon.var"
    LogicalPath="Libraries.AsIecCon.AsIecCon.var"
    Type="File"
    LastWriteTime="132545872633307786"
    Private="false" />
  <Object
    Path="M:\BR\URTKtry3\Logical\Libraries\sys_lib\binary.lby"
    LogicalPath="Libraries.sys_lib"
    Type="Library"
    LastWriteTime="132545873022557608" />
  <Object
    Path="M:\BR\URTKtry3\Logical\Libraries\sys_lib\sys_lib.fun"
    LogicalPath="Libraries.sys_lib.sys_lib.fun"
    Type="File"
    LastWriteTime="132545873022367577"
    Private="false" />
  <Object
    Path="M:\BR\URTKtry3\Logical\Libraries\sys_lib\sys_lib.typ"
    LogicalPath="Libraries.sys_lib.sys_lib.typ"
    Type="File"
    LastWriteTime="132545873022477590"
    Private="false" />
  <Object
    Path="M:\BR\URTKtry3\Logical\Libraries\sys_lib\sys_lib.var"
    LogicalPath="Libraries.sys_lib.sys_lib.var"
    Type="File"
    LastWriteTime="132545873022512603"
    Private="false" />
  <Object
    Path="M:\BR\URTKtry3\Logical\URTKFmu\Package.pkg"
    LogicalPath="URTKFmu"
    Type="Package"
    LastWriteTime="132545873015166269" />
  <Object
    Path="M:\BR\URTKtry3\Logical\URTKFmu\URTKLib\ANSIC.lby"
    LogicalPath="URTKFmu.URTKLib"
    Type="Library"
    LastWriteTime="132545873012180752" />
  <Object
    Path="M:\BR\URTKtry3\Logical\URTKFmu\URTKLib\Types.typ"
    LogicalPath="URTKFmu.URTKLib.Types.typ"
    Type="File"
    LastWriteTime="132545873010930530"
    Private="false" />
  <Object
    Path="M:\BR\URTKtry3\Logical\URTKFmu\URTKLib\Constants.var"
    LogicalPath="URTKFmu.URTKLib.Constants.var"
    Type="File"
    LastWriteTime="132545873010940533"
    Private="false" />
  <Object
    Path="M:\BR\URTKtry3\Logical\URTKFmu\URTKLib\URTKLib.fun"
    LogicalPath="URTKFmu.URTKLib.URTKLib.fun"
    Type="File"
    LastWriteTime="132545917700501805"
    Private="false" />
  <Object
    Path="M:\BR\URTKtry3\Logical\URTKFmu\URTKLib\fmi2.cpp"
    LogicalPath="URTKFmu.URTKLib.fmi2.cpp"
    Type="File"
    LastWriteTime="132545873010960537"
    Private="false" />
  <Object
    Path="M:\BR\URTKtry3\Logical\URTKFmu\URTKLib\fmi2Functions.h"
    LogicalPath="URTKFmu.URTKLib.fmi2Functions.h"
    Type="File"
    LastWriteTime="132545873010975533"
    Private="false" />
  <Object
    Path="M:\BR\URTKtry3\Logical\URTKFmu\URTKLib\fmi2FunctionTypes.h"
    LogicalPath="URTKFmu.URTKLib.fmi2FunctionTypes.h"
    Type="File"
    LastWriteTime="132545873011075554"
    Private="false" />
  <Object
    Path="M:\BR\URTKtry3\Logical\URTKFmu\URTKLib\fmi2TypesPlatform.h"
    LogicalPath="URTKFmu.URTKLib.fmi2TypesPlatform.h"
    Type="File"
    LastWriteTime="132545873011085551"
    Private="false" />
  <Object
    Path="M:\BR\URTKtry3\Logical\URTKFmu\URTKLib\URTK\Package.pkg"
    LogicalPath="URTKFmu.URTKLib.URTK"
    Type="Package"
    LastWriteTime="132545873012175746" />
  <Object
    Path="M:\BR\URTKtry3\Logical\URTKFmu\URTKLib\URTK\fmuTemplate.h"
    LogicalPath="URTKFmu.URTKLib.URTK.fmuTemplate.h"
    Type="File"
    LastWriteTime="132545873011105560"
    Private="false" />
  <Object
    Path="M:\BR\URTKtry3\Logical\URTKFmu\URTKLib\URTK\URTKFmiSceneView.c"
    LogicalPath="URTKFmu.URTKLib.URTK.URTKFmiSceneView.c"
    Type="File"
    LastWriteTime="132545873011115561"
    Private="false" />
  <Object
    Path="M:\BR\URTKtry3\Logical\URTKFmu\URTKLib\URTK\URTKImpl.c"
    LogicalPath="URTKFmu.URTKLib.URTK.URTKImpl.c"
    Type="File"
    LastWriteTime="132545873011125564"
    Private="false" />
  <Object
    Path="M:\BR\URTKtry3\Logical\URTKFmu\URTKLib\URTK\URTK_try.c"
    LogicalPath="URTKFmu.URTKLib.URTK.URTK_try.c"
    Type="File"
    LastWriteTime="132545873011135566"
    Private="false" />
  <Object
    Path="M:\BR\URTKtry3\Logical\URTKFmu\URTKLib\URTK\URTK_try.scn"
    LogicalPath="URTKFmu.URTKLib.URTK.URTK_try.scn"
    Type="File"
    LastWriteTime="132545921649884848"
    Private="false" />
  <Object
    Path="M:\BR\URTKtry3\Logical\URTKFmu\URTKLib\URTK\CADdata\Package.pkg"
    LogicalPath="URTKFmu.URTKLib.URTK.CADdata"
    Type="Package"
    LastWriteTime="132545873012170744" />
  <Object
    Path="M:\BR\URTKtry3\Logical\URTKFmu\URTKLib\URTK\CADdata\axes_Y_Color_0_0_0_255.stl"
    LogicalPath="URTKFmu.URTKLib.URTK.CADdata.axes_Y_Color_0_0_0_255.stl"
    Type="File"
    LastWriteTime="132545873011190577"
    Private="false" />
  <Object
    Path="M:\BR\URTKtry3\Logical\URTKFmu\URTKLib\URTK\CADdata\axes_Y_Color_13_157_13_255.stl"
    LogicalPath="URTKFmu.URTKLib.URTK.CADdata.axes_Y_Color_13_157_13_255.stl"
    Type="File"
    LastWriteTime="132545873011200573"
    Private="false" />
  <Object
    Path="M:\BR\URTKtry3\Logical\URTKFmu\URTKLib\URTK\CADdata\axes_Y_Color_178_0_0_255.stl"
    LogicalPath="URTKFmu.URTKLib.URTK.CADdata.axes_Y_Color_178_0_0_255.stl"
    Type="File"
    LastWriteTime="132545873011215575"
    Private="false" />
  <Object
    Path="M:\BR\URTKtry3\Logical\URTKFmu\URTKLib\URTK\CADdata\axes_Y_Color_191_191_191_255.stl"
    LogicalPath="URTKFmu.URTKLib.URTK.CADdata.axes_Y_Color_191_191_191_255.stl"
    Type="File"
    LastWriteTime="132545873011225583"
    Private="false" />
  <Object
    Path="M:\BR\URTKtry3\Logical\URTKFmu\URTKLib\URTK\CADdata\axes_Y_Color_224_223_219_255.stl"
    LogicalPath="URTKFmu.URTKLib.URTK.CADdata.axes_Y_Color_224_223_219_255.stl"
    Type="File"
    LastWriteTime="132545873011240580"
    Private="false" />
  <Object
    Path="M:\BR\URTKtry3\Logical\URTKFmu\URTKLib\URTK\CADdata\axes_Y_Color_231_214_172_255.stl"
    LogicalPath="URTKFmu.URTKLib.URTK.CADdata.axes_Y_Color_231_214_172_255.stl"
    Type="File"
    LastWriteTime="132545873011250583"
    Private="false" />
  <Object
    Path="M:\BR\URTKtry3\Logical\URTKFmu\URTKLib\URTK\CADdata\axes_Z_Color_0_0_0_255.stl"
    LogicalPath="URTKFmu.URTKLib.URTK.CADdata.axes_Z_Color_0_0_0_255.stl"
    Type="File"
    LastWriteTime="132545873011260583"
    Private="false" />
  <Object
    Path="M:\BR\URTKtry3\Logical\URTKFmu\URTKLib\URTK\CADdata\axes_Z_Color_13_157_13_255.stl"
    LogicalPath="URTKFmu.URTKLib.URTK.CADdata.axes_Z_Color_13_157_13_255.stl"
    Type="File"
    LastWriteTime="132545873011270586"
    Private="false" />
  <Object
    Path="M:\BR\URTKtry3\Logical\URTKFmu\URTKLib\URTK\CADdata\axes_Z_Color_178_0_0_255.stl"
    LogicalPath="URTKFmu.URTKLib.URTK.CADdata.axes_Z_Color_178_0_0_255.stl"
    Type="File"
    LastWriteTime="132545873011280592"
    Private="false" />
  <Object
    Path="M:\BR\URTKtry3\Logical\URTKFmu\URTKLib\URTK\CADdata\axes_Z_Color_191_191_191_255.stl"
    LogicalPath="URTKFmu.URTKLib.URTK.CADdata.axes_Z_Color_191_191_191_255.stl"
    Type="File"
    LastWriteTime="132545873011295596"
    Private="false" />
  <Object
    Path="M:\BR\URTKtry3\Logical\URTKFmu\URTKLib\URTK\CADdata\axes_Z_Color_224_223_219_255.stl"
    LogicalPath="URTKFmu.URTKLib.URTK.CADdata.axes_Z_Color_224_223_219_255.stl"
    Type="File"
    LastWriteTime="132545873011305592"
    Private="false" />
  <Object
    Path="M:\BR\URTKtry3\Logical\URTKFmu\URTKLib\URTK\CADdata\axes_Z_Color_231_214_172_255.stl"
    LogicalPath="URTKFmu.URTKLib.URTK.CADdata.axes_Z_Color_231_214_172_255.stl"
    Type="File"
    LastWriteTime="132545873011315599"
    Private="false" />
  <Object
    Path="M:\BR\URTKtry3\Logical\URTKFmu\URTKLib\URTK\CADdata\Ground_(axes_X)_Color_0_0_0_255.stl"
    LogicalPath="URTKFmu.URTKLib.URTK.CADdata.Ground_(axes_X)_Color_0_0_0_255.stl"
    Type="File"
    LastWriteTime="132545873011325601"
    Private="false" />
  <Object
    Path="M:\BR\URTKtry3\Logical\URTKFmu\URTKLib\URTK\CADdata\Ground_(axes_X)_Color_13_157_13_255.stl"
    LogicalPath="URTKFmu.URTKLib.URTK.CADdata.Ground_(axes_X)_Color_13_157_13_255.stl"
    Type="File"
    LastWriteTime="132545873011335603"
    Private="false" />
  <Object
    Path="M:\BR\URTKtry3\Logical\URTKFmu\URTKLib\URTK\CADdata\Ground_(axes_X)_Color_178_0_0_255.stl"
    LogicalPath="URTKFmu.URTKLib.URTK.CADdata.Ground_(axes_X)_Color_178_0_0_255.stl"
    Type="File"
    LastWriteTime="132545873011350604"
    Private="false" />
  <Object
    Path="M:\BR\URTKtry3\Logical\URTKFmu\URTKLib\URTK\CADdata\Ground_(axes_X)_Color_191_191_191_255.stl"
    LogicalPath="URTKFmu.URTKLib.URTK.CADdata.Ground_(axes_X)_Color_191_191_191_255.stl"
    Type="File"
    LastWriteTime="132545873011360610"
    Private="false" />
  <Object
    Path="M:\BR\URTKtry3\Logical\URTKFmu\URTKLib\URTK\CADdata\Ground_(axes_X)_Color_224_223_219_255.stl"
    LogicalPath="URTKFmu.URTKLib.URTK.CADdata.Ground_(axes_X)_Color_224_223_219_255.stl"
    Type="File"
    LastWriteTime="132545873011370608"
    Private="false" />
  <Object
    Path="M:\BR\URTKtry3\Logical\URTKFmu\URTKLib\URTK\CADdata\Ground_(axes_X)_Color_231_214_172_255.stl"
    LogicalPath="URTKFmu.URTKLib.URTK.CADdata.Ground_(axes_X)_Color_231_214_172_255.stl"
    Type="File"
    LastWriteTime="132545873011380611"
    Private="false" />
  <Object
    Path="M:\BR\URTKtry3\Logical\URTKFmu\URTKLib\URTK\CADdata\X_movement_block_Color_178_0_0_255.stl"
    LogicalPath="URTKFmu.URTKLib.URTK.CADdata.X_movement_block_Color_178_0_0_255.stl"
    Type="File"
    LastWriteTime="132545873011395614"
    Private="false" />
  <Object
    Path="M:\BR\URTKtry3\Logical\URTKFmu\URTKLib\URTK\CADdata\X_movement_block_Color_191_191_191_255.stl"
    LogicalPath="URTKFmu.URTKLib.URTK.CADdata.X_movement_block_Color_191_191_191_255.stl"
    Type="File"
    LastWriteTime="132545873011405608"
    Private="false" />
  <Object
    Path="M:\BR\URTKtry3\Logical\URTKFmu\URTKLib\URTK\CADdata\X_movement_block_Color_69_69_69_255.stl"
    LogicalPath="URTKFmu.URTKLib.URTK.CADdata.X_movement_block_Color_69_69_69_255.stl"
    Type="File"
    LastWriteTime="132545873011415617"
    Private="false" />
  <Object
    Path="M:\BR\URTKtry3\Logical\URTKFmu\URTKLib\URTK\CADdata\Y_movement_block_Color_178_0_0_255.stl"
    LogicalPath="URTKFmu.URTKLib.URTK.CADdata.Y_movement_block_Color_178_0_0_255.stl"
    Type="File"
    LastWriteTime="132545873011430618"
    Private="false" />
  <Object
    Path="M:\BR\URTKtry3\Logical\URTKFmu\URTKLib\URTK\CADdata\Y_movement_block_Color_191_191_191_255.stl"
    LogicalPath="URTKFmu.URTKLib.URTK.CADdata.Y_movement_block_Color_191_191_191_255.stl"
    Type="File"
    LastWriteTime="132545873011495627"
    Private="false" />
  <Object
    Path="M:\BR\URTKtry3\Logical\URTKFmu\URTKLib\URTK\CADdata\Y_movement_block_Color_69_69_69_255.stl"
    LogicalPath="URTKFmu.URTKLib.URTK.CADdata.Y_movement_block_Color_69_69_69_255.stl"
    Type="File"
    LastWriteTime="132545873011745671"
    Private="false" />
  <Object
    Path="M:\BR\URTKtry3\Logical\URTKFmu\URTKLib\URTK\CADdata\Z_movement_block_Color_178_0_0_255.stl"
    LogicalPath="URTKFmu.URTKLib.URTK.CADdata.Z_movement_block_Color_178_0_0_255.stl"
    Type="File"
    LastWriteTime="132545873011780681"
    Private="false" />
  <Object
    Path="M:\BR\URTKtry3\Logical\URTKFmu\URTKLib\URTK\CADdata\Z_movement_block_Color_191_191_191_255.stl"
    LogicalPath="URTKFmu.URTKLib.URTK.CADdata.Z_movement_block_Color_191_191_191_255.stl"
    Type="File"
    LastWriteTime="132545873011955713"
    Private="false" />
  <Object
    Path="M:\BR\URTKtry3\Logical\URTKFmu\URTKLib\URTK\CADdata\Z_movement_block_Color_69_69_69_255.stl"
    LogicalPath="URTKFmu.URTKLib.URTK.CADdata.Z_movement_block_Color_69_69_69_255.stl"
    Type="File"
    LastWriteTime="132545873012165742"
    Private="false" />
  <Object
    Path="M:\BR\URTKtry3\Logical\URTKFmu\URTKPrg\ANSIC.prg"
    LogicalPath="URTKFmu.URTKPrg"
    Type="Program"
    LastWriteTime="132545873015161273" />
  <Object
    Path="M:\BR\URTKtry3\Logical\URTKFmu\URTKPrg\Cyclic.c"
    LogicalPath="URTKFmu.URTKPrg.Cyclic.c"
    Type="File"
    LastWriteTime="132547632629557715"
    Private="false" />
  <Object
    Path="M:\BR\URTKtry3\Logical\URTKFmu\URTKPrg\Init.c"
    LogicalPath="URTKFmu.URTKPrg.Init.c"
    Type="File"
    LastWriteTime="132545917698896523"
    Private="false" />
  <Object
    Path="M:\BR\URTKtry3\Logical\URTKFmu\URTKPrg\Exit.c"
    LogicalPath="URTKFmu.URTKPrg.Exit.c"
    Type="File"
    LastWriteTime="132545873015076257"
    Private="false" />
  <Object
    Path="M:\BR\URTKtry3\Logical\URTKFmu\URTKPrg\Types.typ"
    LogicalPath="URTKFmu.URTKPrg.Types.typ"
    Type="File"
    LastWriteTime="132545873015111261"
    Private="true" />
  <Object
    Path="M:\BR\URTKtry3\Logical\URTKFmu\URTKPrg\Variables.var"
    LogicalPath="URTKFmu.URTKPrg.Variables.var"
    Type="File"
    LastWriteTime="132547629702900070"
    Private="true" />
  <Object
    Path="M:\BR\URTKtry3\Physical\Config1\Config.pkg"
    LogicalPath="Config1"
    Type="Configuration.ParentUnknown"
    LastWriteTime="132545872658132148" />
  <Object
    Path="M:\BR\URTKtry3\Physical\Config1\Hardware.hw"
    LogicalPath="Config1.Hardware.hw"
    Type="File"
    LastWriteTime="132545874134034914"
    Private="false" />
  <Object
    Path="M:\BR\URTKtry3\Physical\Config1\Hardware.hwl"
    LogicalPath="Config1.Hardware.hwl"
    Type="File"
    LastWriteTime="132545873211589478"
    Private="false" />
  <Object
    Path="M:\BR\URTKtry3\Physical\Config1\PC\Cpu.pkg"
    LogicalPath="Config1.PC"
    Type="Cpu"
    LastWriteTime="132545872636393334" />
  <Object
    Path="M:\BR\URTKtry3\Physical\Config1\PC\Cpu.sw"
    LogicalPath="Config1.PC.Cpu.sw"
    Type="File"
    LastWriteTime="132547626275070494"
    Private="false" />
  <Object
    Path="M:\BR\URTKtry3\Physical\Config1\PC\Cpu.per"
    LogicalPath="Config1.PC.Cpu.per"
    Type="File"
    LastWriteTime="132545872635178123"
    Private="false" />
  <Object
    Path="M:\BR\URTKtry3\Physical\Config1\PC\IoMap.iom"
    LogicalPath="Config1.PC.IoMap.iom"
    Type="File"
    LastWriteTime="132545872635188125"
    Private="false" />
  <Object
    Path="M:\BR\URTKtry3\Physical\Config1\PC\PvMap.vvm"
    LogicalPath="Config1.PC.PvMap.vvm"
    Type="File"
    LastWriteTime="132545872635213127"
    Private="false" />
  <Object
    Path="M:\BR\URTKtry3\Physical\Config1\PC\Connectivity\Package.pkg"
    LogicalPath="Config1.PC.Connectivity"
    Type="Package"
    LastWriteTime="132545872635428160" />
  <Object
    Path="M:\BR\URTKtry3\Physical\Config1\PC\Connectivity\OpcUA\Package.pkg"
    LogicalPath="Config1.PC.Connectivity.OpcUA"
    Type="Package"
    LastWriteTime="132545873882700011" />
  <Object
    Path="M:\BR\URTKtry3\Physical\Config1\PC\Connectivity\OpcUA\OpcUaMap.uad"
    LogicalPath="Config1.PC.Connectivity.OpcUA.OpcUaMap.uad"
    Type="File"
    LastWriteTime="132545918440319988"
    Private="false" />
  <Object
    Path="M:\BR\URTKtry3\Physical\Config1\PC\TextSystem\Package.pkg"
    LogicalPath="Config1.PC.TextSystem"
    Type="Package"
    LastWriteTime="132545872635473168" />
  <Object
    Path="M:\BR\URTKtry3\Physical\Config1\PC\UnitSystem\Package.pkg"
    LogicalPath="Config1.PC.UnitSystem"
    Type="Package"
    LastWriteTime="132545872635518175" />
  <Object
    Path="M:\BR\URTKtry3\Physical\Config1\PC\AccessAndSecurity\Package.pkg"
    LogicalPath="Config1.PC.AccessAndSecurity"
    Type="Package"
    LastWriteTime="132545872636058273" />
  <Object
    Path="M:\BR\URTKtry3\Physical\Config1\PC\AccessAndSecurity\UserRoleSystem\Package.pkg"
    LogicalPath="Config1.PC.AccessAndSecurity.UserRoleSystem"
    Type="Package"
    LastWriteTime="132545872635673200" />
  <Object
    Path="M:\BR\URTKtry3\Physical\Config1\PC\AccessAndSecurity\UserRoleSystem\Role.role"
    LogicalPath="Config1.PC.AccessAndSecurity.UserRoleSystem.Role.role"
    Type="File"
    LastWriteTime="132545872635603189"
    Private="false" />
  <Object
    Path="M:\BR\URTKtry3\Physical\Config1\PC\AccessAndSecurity\UserRoleSystem\User.user"
    LogicalPath="Config1.PC.AccessAndSecurity.UserRoleSystem.User.user"
    Type="File"
    LastWriteTime="132545872635648202"
    Private="false" />
  <Object
    Path="M:\BR\URTKtry3\Physical\Config1\PC\AccessAndSecurity\CertificateStore\Package.pkg"
    LogicalPath="Config1.PC.AccessAndSecurity.CertificateStore"
    Type="Package"
    LastWriteTime="132545872635948251" />
  <Object
    Path="M:\BR\URTKtry3\Physical\Config1\PC\AccessAndSecurity\CertificateStore\OwnCertificates\Package.pkg"
    LogicalPath="Config1.PC.AccessAndSecurity.CertificateStore.OwnCertificates"
    Type="Package"
    LastWriteTime="132545872635813226" />
  <Object
    Path="M:\BR\URTKtry3\Physical\Config1\PC\AccessAndSecurity\CertificateStore\OwnCertificates\Certificates\Package.pkg"
    LogicalPath="Config1.PC.AccessAndSecurity.CertificateStore.OwnCertificates.Certificates"
    Type="Package"
    LastWriteTime="132545872635773223" />
  <Object
    Path="M:\BR\URTKtry3\Physical\Config1\PC\AccessAndSecurity\CertificateStore\OwnCertificates\PrivateKeys\Package.pkg"
    LogicalPath="Config1.PC.AccessAndSecurity.CertificateStore.OwnCertificates.PrivateKeys"
    Type="Package"
    LastWriteTime="132545872635808228" />
  <Object
    Path="M:\BR\URTKtry3\Physical\Config1\PC\AccessAndSecurity\CertificateStore\ThirdPartyCertificates\Package.pkg"
    LogicalPath="Config1.PC.AccessAndSecurity.CertificateStore.ThirdPartyCertificates"
    Type="Package"
    LastWriteTime="132545872635878240" />
  <Object
    Path="M:\BR\URTKtry3\Physical\Config1\PC\AccessAndSecurity\CertificateStore\ThirdPartyCertificates\SoftwareCertificates\Package.pkg"
    LogicalPath="Config1.PC.AccessAndSecurity.CertificateStore.ThirdPartyCertificates.SoftwareCertificates"
    Type="Package"
    LastWriteTime="132545872635878240" />
  <Object
    Path="M:\BR\URTKtry3\Physical\Config1\PC\AccessAndSecurity\CertificateStore\CertificateRevocationLists\Package.pkg"
    LogicalPath="Config1.PC.AccessAndSecurity.CertificateStore.CertificateRevocationLists"
    Type="Package"
    LastWriteTime="132545872635913248" />
  <Object
    Path="M:\BR\URTKtry3\Physical\Config1\PC\AccessAndSecurity\CertificateStore\CertificateSigningRequests\Package.pkg"
    LogicalPath="Config1.PC.AccessAndSecurity.CertificateStore.CertificateSigningRequests"
    Type="Package"
    LastWriteTime="132545872635943253" />
  <Object
    Path="M:\BR\URTKtry3\Physical\Config1\PC\AccessAndSecurity\TransportLayerSecurity\Package.pkg"
    LogicalPath="Config1.PC.AccessAndSecurity.TransportLayerSecurity"
    Type="Package"
    LastWriteTime="132545872635978260" />
  <Object
    Path="M:\BR\URTKtry3\Physical\Config1\PC\AccessAndSecurity\Firewall\Package.pkg"
    LogicalPath="Config1.PC.AccessAndSecurity.Firewall"
    Type="Package"
    LastWriteTime="132545872636053272" />
  <Object
    Path="M:\BR\URTKtry3\Physical\Config1\PC\AccessAndSecurity\Firewall\Rules.firewallRules"
    LogicalPath="Config1.PC.AccessAndSecurity.Firewall.Rules.firewallRules"
    Type="File"
    LastWriteTime="132545872636028263"
    Private="false" />
  <Object
    Path="M:\BR\URTKtry3\Physical\Config1\PC\mappControl\Package.pkg"
    LogicalPath="Config1.PC.mappControl"
    Type="Package"
    LastWriteTime="132545872636078275" />
  <Object
    Path="M:\BR\URTKtry3\Physical\Config1\PC\mappMotion\Package.pkg"
    LogicalPath="Config1.PC.mappMotion"
    Type="Package"
    LastWriteTime="132545872636128279" />
  <Object
    Path="M:\BR\URTKtry3\Physical\Config1\PC\mappServices\Package.pkg"
    LogicalPath="Config1.PC.mappServices"
    Type="Package"
    LastWriteTime="132545872636168289" />
  <Object
    Path="M:\BR\URTKtry3\Physical\Config1\PC\mappSafety\Package.pkg"
    LogicalPath="Config1.PC.mappSafety"
    Type="Package"
    LastWriteTime="132545872636278313" />
  <Object
    Path="M:\BR\URTKtry3\Physical\Config1\PC\mappSafety\SafeApplication\Package.pkg"
    LogicalPath="Config1.PC.mappSafety.SafeApplication"
    Type="Package"
    LastWriteTime="132545872636243305" />
  <Object
    Path="M:\BR\URTKtry3\Physical\Config1\PC\mappSafety\SafeCommissioning\Package.pkg"
    LogicalPath="Config1.PC.mappSafety.SafeCommissioning"
    Type="Package"
    LastWriteTime="132545872636273311" />
  <Object
    Path="M:\BR\URTKtry3\Physical\Config1\PC\mappView\Package.pkg"
    LogicalPath="Config1.PC.mappView"
    Type="Package"
    LastWriteTime="132545872636298315" />
  <Object
    Path="M:\BR\URTKtry3\Physical\Config1\PC\mappVision\Package.pkg"
    LogicalPath="Config1.PC.mappVision"
    Type="Package"
    LastWriteTime="132545872636343323" />
  <Object
    Path="M:\BR\URTKtry3\Physical\Config1\PC\mappCockpit\Package.pkg"
    LogicalPath="Config1.PC.mappCockpit"
    Type="Package"
    LastWriteTime="132545872636388332" />
  <Object
    Path="M:\BR\URTKtry3\Physical\Config1\Hardware.jpg"
    LogicalPath="Config1.Hardware.jpg"
    Type="File"
    LastWriteTime="132545873212084565"
    Private="false" />
</Objects>